INFO 2026-03-23 11:53:35,320 autoreload Watching for file changes with StatReloader
INFO 2026-03-23 12:00:07,683 autoreload Watching for file changes with StatReloader
INFO 2026-03-23 12:00:41,642 autoreload Watching for file changes with StatReloader
INFO 2026-03-23 12:05:09,711 autoreload Watching for file changes with StatReloader
INFO 2026-03-23 12:05:52,629 autoreload /home/vkm2/Documents/github/reporta-health-new-backend/reporta_health/apps/facilities/apps.py changed, reloading.
INFO 2026-03-23 12:05:54,531 autoreload Watching for file changes with StatReloader
INFO 2026-03-23 12:06:28,478 autoreload Watching for file changes with StatReloader
INFO 2026-03-23 12:23:37,788 autoreload Watching for file changes with StatReloader
INFO 2026-03-23 12:37:07,060 autoreload Watching for file changes with StatReloader
INFO 2026-03-23 12:38:57,267 autoreload Watching for file changes with StatReloader
INFO 2026-03-23 12:41:40,115 autoreload /home/vkm2/Documents/github/reporta-health-new-backend/reporta_health/apps/users/admin.py changed, reloading.
INFO 2026-03-23 12:41:46,687 autoreload Watching for file changes with StatReloader
INFO 2026-03-23 13:39:52,532 autoreload Watching for file changes with StatReloader
INFO 2026-03-23 13:48:55,672 autoreload Watching for file changes with StatReloader
INFO 2026-03-23 13:50:47,492 autoreload /home/vkm2/Documents/github/reporta-health-new-backend/reporta_health/apps/reviews/models.py changed, reloading.
INFO 2026-03-23 13:50:49,869 autoreload Watching for file changes with StatReloader
INFO 2026-03-23 13:54:36,774 autoreload Watching for file changes with StatReloader
INFO 2026-03-23 13:55:19,241 autoreload Watching for file changes with StatReloader
INFO 2026-03-23 13:56:21,403 autoreload /home/vkm2/Documents/github/reporta-health-new-backend/reporta_health/apps/reports/urls.py changed, reloading.
INFO 2026-03-23 13:56:24,004 autoreload Watching for file changes with StatReloader
INFO 2026-03-23 14:46:16,759 autoreload /home/vkm2/Documents/github/reporta-health-new-backend/reporta_health/apps/reports/models.py changed, reloading.
INFO 2026-03-23 14:59:02,411 autoreload Watching for file changes with StatReloader
INFO 2026-03-23 15:37:16,082 autoreload Watching for file changes with StatReloader
INFO 2026-03-23 16:20:47,304 autoreload Watching for file changes with StatReloader
INFO 2026-03-23 16:34:45,529 autoreload Watching for file changes with StatReloader
WARNING 2026-03-23 16:34:55,263 log Not Found: /
WARNING 2026-03-23 16:34:55,265 basehttp "GET / HTTP/1.1" 404 12884
INFO 2026-03-23 16:34:55,369 basehttp "GET /static/debug_toolbar/css/toolbar.css HTTP/1.1" 200 12621
INFO 2026-03-23 16:34:55,385 basehttp "GET /static/debug_toolbar/js/toolbar.js HTTP/1.1" 200 13404
INFO 2026-03-23 16:34:56,527 basehttp "GET /static/debug_toolbar/css/print.css HTTP/1.1" 200 43
INFO 2026-03-23 16:34:56,585 basehttp "GET /static/debug_toolbar/js/utils.js HTTP/1.1" 200 4527
WARNING 2026-03-23 16:34:56,803 log Not Found: /favicon.ico
WARNING 2026-03-23 16:34:56,805 basehttp "GET /favicon.ico HTTP/1.1" 404 12946
INFO 2026-03-23 16:35:08,104 basehttp "GET /api/docs/ HTTP/1.1" 200 13819
INFO 2026-03-23 16:35:10,563 basehttp "GET /api/schema/ HTTP/1.1" 200 141540
INFO 2026-04-13 10:54:09,302 autoreload Watching for file changes with StatReloader
INFO 2026-04-13 11:13:37,738 autoreload /home/vkm2/Documents/github/reporta-health-new-backend/reporta_health/apps/facilities/admin.py changed, reloading.
INFO 2026-04-13 11:13:38,699 autoreload Watching for file changes with StatReloader
